[zwin.io/html/viaje/index.html]
[backblue.gif]
[fade.gif]
[index.html]
[zwin.io/html/viaje/assets/img/favicon.png]
[zwin.io/html/viaje/assets/css/bootstrap.min.css]
[zwin.io/html/viaje/assets/css/animate.css]
[zwin.io/html/viaje/assets/css/magnific-popup.css]
[zwin.io/html/viaje/assets/css/owl.carousel.min.css]
[zwin.io/html/viaje/assets/css/slick.css]
[zwin.io/html/viaje/assets/css/swiper.min.css]
[zwin.io/html/viaje/assets/css/nice-select.css]
[zwin.io/html/viaje/assets/css/jquery-ui.min.css]
[zwin.io/html/viaje/assets/css/themify-icons.css]
[zwin.io/html/viaje/assets/css/line-awesome.min.css]
[zwin.io/html/viaje/assets/css/font-awesome.min.css]
[zwin.io/html/viaje/assets/css/style.css]
[zwin.io/html/viaje/assets/css/responsive.css]
[zwin.io/html/viaje/assets/img/others/signup.png]
[zwin.io/html/viaje/assets/img/others/signup-shape.png]
[zwin.io/html/viaje/assets/img/sticky-logo.png]
[zwin.io/html/viaje/tour-details.html]
[zwin.io/html/viaje/assets/img/logo.png]
[zwin.io/html/viaje/home02.html]
[zwin.io/html/viaje/home03.html]
[zwin.io/html/viaje/home04.html]
[zwin.io/html/viaje/home05.html]
[zwin.io/html/viaje/about.html]
[zwin.io/html/viaje/tour-list.html]
[zwin.io/html/viaje/tour-list02.html]
[zwin.io/html/viaje/tour-list03.html]
[zwin.io/html/viaje/destination-list.html]
[zwin.io/html/viaje/destination-list02.html]
[zwin.io/html/viaje/destination-details.html]
[zwin.io/html/viaje/gallery.html]
[zwin.io/html/viaje/gallery-details.html]
[zwin.io/html/viaje/comming-soon.html]
[zwin.io/html/viaje/404.html]
[zwin.io/html/viaje/faq.html]
[zwin.io/html/viaje/user-profile.html]
[zwin.io/html/viaje/blog.html]
[zwin.io/html/viaje/blog02.html]
[zwin.io/html/viaje/blog03.html]
[zwin.io/html/viaje/blog-details.html]
[zwin.io/html/viaje/blog-details02.html]
[zwin.io/html/viaje/contact.html]
[zwin.io/html/viaje/assets/img/icons/2.png]
[zwin.io/html/viaje/assets/img/destination-list/1.png]
[zwin.io/html/viaje/assets/img/destination-list/2.png]
[zwin.io/html/viaje/assets/img/destination-list/3.png]
[zwin.io/html/viaje/assets/img/bg/7.png]
[zwin.io/html/viaje/assets/img/video.png]
[zwin.io/html/viaje/assets/img/bg/8.png]
[zwin.io/html/viaje/assets/img/destination-list/4.png]
[zwin.io/html/viaje/assets/img/icons/1.png]
[zwin.io/html/viaje/assets/img/destination-list/5.png]
[zwin.io/html/viaje/assets/img/destination-list/6.png]
[zwin.io/html/viaje/assets/img/destination-list/7.png]
[zwin.io/html/viaje/assets/img/others/client-review.png]
[zwin.io/html/viaje/assets/img/client/1.png]
[zwin.io/html/viaje/assets/img/blog/10.png]
[zwin.io/html/viaje/assets/img/blog/11.png]
[zwin.io/html/viaje/assets/img/blog/12.png]
[zwin.io/html/viaje/assets/img/blog/13.png]
[zwin.io/html/viaje/assets/img/blog/14.png]
[zwin.io/html/viaje/assets/img/others/1.png]
[zwin.io/html/viaje/assets/img/bg/2.png]
[zwin.io/html/viaje/assets/img/instagram/1.png]
[zwin.io/html/viaje/assets/img/instagram/2.png]
[zwin.io/html/viaje/assets/img/instagram/3.png]
[zwin.io/html/viaje/assets/img/instagram/4.png]
[zwin.io/html/viaje/assets/img/instagram/5.png]
[zwin.io/html/viaje/assets/img/instagram/6.png]
[zwin.io/html/viaje/assets/js/popper.min.js]
[zwin.io/html/viaje/assets/js/bootstrap.min.js]
[zwin.io/html/viaje/assets/js/jquery-2.2.4.min.js]
[zwin.io/html/viaje/assets/js/jquery.magnific-popup.js]
[zwin.io/html/viaje/assets/js/owl.carousel.min.js]
[zwin.io/html/viaje/assets/js/wow.min.js]
[zwin.io/html/viaje/assets/js/waypoints.min.js]
[zwin.io/html/viaje/assets/js/slick.js]
[zwin.io/html/viaje/assets/js/jquery.counterup.min.js]
[zwin.io/html/viaje/assets/js/imagesloaded.pkgd.min.js]
[zwin.io/html/viaje/assets/js/isotope.pkgd.min.js]
[zwin.io/html/viaje/assets/js/jquery.nice-select.min.js]
[zwin.io/html/viaje/assets/js/swiper.min.js]
[zwin.io/html/viaje/index.html]
[zwin.io/html/viaje/assets/css/bootstrap.min.css]
[zwin.io/html/viaje/assets/css/animate.css]
[zwin.io/html/viaje/assets/css/magnific-popup.css]
[zwin.io/html/viaje/assets/js/main.js]
[zwin.io/html/viaje/assets/css/owl.video.play.55.delayed]
[zwin.io/html/viaje/assets/css/owl.carousel.min.css]
[zwin.io/html/viaje/assets/css/slick.css]
[zwin.io/html/viaje/assets/css/swiper.min.css]
[zwin.io/html/viaje/assets/css/nice-select.css]
[zwin.io/html/viaje/assets/css/images/ui-icons_444444_256x240.56.delayed]
[zwin.io/html/viaje/assets/css/images/ui-icons_555555_256x240.57.delayed]
[zwin.io/html/viaje/assets/css/images/ui-icons_ffffff_256x240.58.delayed]
[zwin.io/html/viaje/assets/js/jquery-ui.min.js]
[zwin.io/html/viaje/assets/css/images/ui-icons_777620_256x240.59.delayed]
[zwin.io/html/viaje/assets/css/images/ui-icons_cc0000_256x240.5a.delayed]
[zwin.io/html/viaje/assets/css/images/ui-icons_777777_256x240.5b.delayed]
[zwin.io/html/viaje/assets/css/jquery-ui.min.css]
[zwin.io/html/viaje/assets/fonts/fontawesome-webfont3e6e.eot]
[zwin.io/html/viaje/assets/fonts/fontawesome-webfontd41d.eot]
[zwin.io/html/viaje/assets/fonts/fontawesome-webfont3e6e.woff]
[zwin.io/html/viaje/assets/fonts/fontawesome-webfont3e6e.ttf]
[zwin.io/html/viaje/assets/fonts/fontawesome-webfont3e6e.svg]
[zwin.io/html/viaje/assets/css/font-awesome.min.css]
[zwin.io/html/viaje/assets/fonts/themify9f24.eot]
[zwin.io/html/viaje/assets/fonts/themifyd41d.eot]
[zwin.io/html/viaje/assets/fonts/themify9f24.woff]
[zwin.io/html/viaje/assets/fonts/themify9f24.ttf]
[zwin.io/html/viaje/assets/css/themify-icons.css]
[zwin.io/html/viaje/assets/fonts/line-awesomeeb4f.eot]
[zwin.io/html/viaje/assets/fonts/line-awesome0176.eot]
[zwin.io/html/viaje/assets/fonts/themify9f24.svg]
[zwin.io/html/viaje/assets/fonts/line-awesomeeb4f.woff]
[zwin.io/html/viaje/assets/fonts/line-awesomeeb4f.ttf]
[zwin.io/html/viaje/assets/fonts/line-awesomeeb4f.svg]
[zwin.io/html/viaje/assets/css/line-awesome.min.css]
[zwin.io/html/viaje/assets/img/banner/1.jpg]
[zwin.io/html/viaje/assets/img/banner/2.jpg]
[zwin.io/html/viaje/assets/img/banner/arrow.png]
[zwin.io/html/viaje/assets/img/shape-1.png]
[zwin.io/html/viaje/assets/img/asd.png]
[zwin.io/html/viaje/assets/img/icons/3.png]
[zwin.io/html/viaje/assets/img/bg/5.png]
[zwin.io/html/viaje/assets/img/others/13.png]
[zwin.io/html/viaje/assets/img/others/14.png]
[zwin.io/html/viaje/assets/css/style.css]
[zwin.io/html/viaje/assets/css/responsive.css]
[zwin.io/html/viaje/assets/img/bg/1.png]
[zwin.io/html/viaje/assets/img/tour-details/1.png]
[zwin.io/html/viaje/assets/img/tour-details/2.png]
[zwin.io/html/viaje/assets/img/tour-details/3.png]
[zwin.io/html/viaje/assets/img/tour-details/4.png]
[zwin.io/html/viaje/assets/img/tour-details/5.png]
[zwin.io/html/viaje/assets/img/tour-details/6.png]
[zwin.io/html/viaje/assets/img/icons/15.png]
[zwin.io/html/viaje/assets/img/icons/16.png]
[zwin.io/html/viaje/assets/img/icons/17.png]
[zwin.io/html/viaje/assets/img/icons/18.png]
[zwin.io/html/viaje/assets/img/icons/19.png]
[zwin.io/html/viaje/assets/img/icons/20.png]
[zwin.io/html/viaje/assets/img/blog/8.png]
[zwin.io/html/viaje/assets/img/blog/1.png]
[zwin.io/html/viaje/assets/img/blog/9.png]
[zwin.io/html/viaje/assets/img/client/02.png]
[zwin.io/html/viaje/assets/img/client/2.png]
[zwin.io/html/viaje/assets/img/client/3.png]
[zwin.io/html/viaje/assets/img/others/01.png]
[zwin.io/html/viaje/assets/js/jarallax.min.js]
[zwin.io/html/viaje/tour-details.html]
[zwin.io/html/viaje/home02.html]
[zwin.io/html/viaje/assets/img/banner/4.png]
[zwin.io/html/viaje/assets/js/video-player.min.js]
[zwin.io/html/viaje/assets/img/tour/1.png]
[zwin.io/html/viaje/assets/img/icons/26.png]
[zwin.io/html/viaje/assets/img/tour/2.png]
[zwin.io/html/viaje/assets/img/icons/21.png]
[zwin.io/html/viaje/assets/img/tour/3.png]
[zwin.io/html/viaje/assets/img/icons/25.png]
[zwin.io/html/viaje/assets/img/tour/4.png]
[zwin.io/html/viaje/assets/img/icons/23.png]
[zwin.io/html/viaje/assets/img/tour/5.png]
[zwin.io/html/viaje/assets/img/icons/24.png]
[zwin.io/html/viaje/assets/img/tour/6.png]
[zwin.io/html/viaje/assets/img/icons/22.png]
[zwin.io/html/viaje/assets/img/icons/9.png]
[zwin.io/html/viaje/assets/img/icons/10.png]
[zwin.io/html/viaje/assets/img/icons/11.png]
[zwin.io/html/viaje/assets/img/icons/12.png]
[zwin.io/html/viaje/assets/img/bg/11.png]
[zwin.io/html/viaje/assets/img/tour/8.png]
[zwin.io/html/viaje/assets/img/tour/9.png]
[zwin.io/html/viaje/assets/img/tour/7.png]
[zwin.io/html/viaje/assets/img/video2.png]
[zwin.io/html/viaje/assets/img/destination-list/28.png]
[zwin.io/html/viaje/assets/img/destination-list/29.png]
[zwin.io/html/viaje/assets/img/destination-list/30.png]
[zwin.io/html/viaje/assets/img/destination-list/31.png]
[zwin.io/html/viaje/assets/img/bg/10.png]
[zwin.io/html/viaje/assets/img/tour/10.png]
[zwin.io/html/viaje/assets/img/tour/11.png]
[zwin.io/html/viaje/assets/img/tour/12.png]
[zwin.io/html/viaje/assets/img/blog/2.png]
[zwin.io/html/viaje/assets/img/blog/3.png]
[zwin.io/html/viaje/home03.html]
[zwin.io/html/viaje/assets/img/banner/8.png]
[zwin.io/html/viaje/assets/img/banner/9.png]
[zwin.io/html/viaje/assets/img/banner/10.png]
[zwin.io/html/viaje/assets/img/destination-list/32.png]
[zwin.io/html/viaje/assets/img/destination-list/33.png]
[zwin.io/html/viaje/assets/img/bg/9.png]
[zwin.io/html/viaje/assets/img/icons/27.png]
[zwin.io/html/viaje/assets/img/icons/28.png]
[zwin.io/html/viaje/assets/img/others/15.png]
[zwin.io/html/viaje/assets/img/destination-list/8.png]
[zwin.io/html/viaje/assets/img/destination-list/9.png]
[zwin.io/html/viaje/assets/img/destination-list/10.png]
[zwin.io/html/viaje/assets/img/destination-list/11.png]
[zwin.io/html/viaje/assets/img/destination-list/12.png]
[zwin.io/html/viaje/assets/img/destination-list/13.png]
[zwin.io/html/viaje/assets/img/destination-list/14.png]
[zwin.io/html/viaje/assets/img/destination-list/15.png]
[zwin.io/html/viaje/assets/img/blog-details/11.png]
[zwin.io/html/viaje/assets/img/blog-details/10.png]
[zwin.io/html/viaje/assets/img/blog-details/9.png]
[zwin.io/html/viaje/home04.html]
[zwin.io/html/viaje/assets/img/banner/6.png]
[zwin.io/html/viaje/assets/img/banner/7.png]
[zwin.io/html/viaje/assets/img/banner/5.png]
[zwin.io/html/viaje/home05.html]
[zwin.io/html/viaje/assets/img/others/9.png]
[zwin.io/html/viaje/assets/img/others/10.png]
[zwin.io/html/viaje/assets/img/destination-list/17.png]
[zwin.io/html/viaje/assets/img/icons/13.png]
[zwin.io/html/viaje/assets/img/icons/14.png]
[zwin.io/html/viaje/assets/img/destination-list/18.png]
[zwin.io/html/viaje/assets/img/destination-list/19.png]
[zwin.io/html/viaje/assets/img/bg/4.png]
[zwin.io/html/viaje/assets/img/team/1.png]
[zwin.io/html/viaje/assets/img/team/2.png]
[zwin.io/html/viaje/assets/img/team/3.png]
[zwin.io/html/viaje/assets/img/team/4.png]
[zwin.io/html/viaje/about.html]
[zwin.io/html/viaje/tour-list.html]
[zwin.io/html/viaje/tour-list02.html]
[zwin.io/html/viaje/assets/img/destination-list/16.png]
[zwin.io/html/viaje/tour-list03.html]
[zwin.io/html/viaje/destination-list.html]
[zwin.io/html/viaje/assets/img/destination-list/21.png]
[zwin.io/html/viaje/assets/img/destination-list/20.png]
[zwin.io/html/viaje/assets/img/destination-list/22.png]
[zwin.io/html/viaje/assets/img/destination-list/23.png]
[zwin.io/html/viaje/assets/img/destination-list/25.png]
[zwin.io/html/viaje/assets/img/destination-list/24.png]
[zwin.io/html/viaje/assets/img/destination-list/26.png]
[zwin.io/html/viaje/assets/img/destination-list/27.png]
[zwin.io/html/viaje/destination-list02.html]
[zwin.io/html/viaje/assets/img/others/3.png]
[zwin.io/html/viaje/assets/img/others/2.png]
[zwin.io/html/viaje/assets/img/others/4.png]
[zwin.io/html/viaje/assets/img/others/6.png]
[zwin.io/html/viaje/assets/img/others/7.png]
[zwin.io/html/viaje/assets/js/goolg-map-activate.js]
[zwin.io/html/viaje/destination-details.html]
[zwin.io/html/viaje/assets/img/gallery/8.png]
[zwin.io/html/viaje/assets/img/gallery/9.png]
[zwin.io/html/viaje/assets/img/gallery/10.png]
[zwin.io/html/viaje/assets/img/gallery/11.png]
[zwin.io/html/viaje/assets/img/gallery/12.png]
[zwin.io/html/viaje/assets/img/gallery/13.png]
[zwin.io/html/viaje/assets/img/gallery/14.png]
[zwin.io/html/viaje/assets/img/gallery/15.png]
[zwin.io/html/viaje/assets/img/gallery/16.png]
[zwin.io/html/viaje/assets/img/gallery/17.png]
[zwin.io/html/viaje/assets/img/gallery/18.png]
[zwin.io/html/viaje/assets/img/gallery/19.png]
[zwin.io/html/viaje/gallery.html]
[zwin.io/html/viaje/assets/img/gallery/1.png]
[zwin.io/html/viaje/assets/img/gallery/2.png]
[zwin.io/html/viaje/assets/img/gallery/3.png]
[zwin.io/html/viaje/assets/img/gallery/4.png]
[zwin.io/html/viaje/assets/img/gallery/6.png]
[zwin.io/html/viaje/assets/img/gallery/7.png]
[zwin.io/html/viaje/gallery-details.html]
[zwin.io/html/viaje/assets/img/bg/12.png]
[zwin.io/html/viaje/assets/js/countdown.js]
[zwin.io/html/viaje/comming-soon.html]
[zwin.io/html/viaje/assets/img/bg/6.png]
[zwin.io/html/viaje/404.html]
[zwin.io/html/viaje/assets/img/others/12.png]
[zwin.io/html/viaje/faq.html]
[zwin.io/html/viaje/assets/img/others/16.png]
[zwin.io/html/viaje/user-profile.html]
[zwin.io/html/viaje/assets/img/blog/4.png]
[zwin.io/html/viaje/assets/img/blog/5.png]
[zwin.io/html/viaje/assets/img/blog/6.png]
[zwin.io/html/viaje/assets/img/blog/7.png]
[zwin.io/html/viaje/assets/img/blog-details/12.png]
[zwin.io/html/viaje/assets/img/blog-details/13.png]
[zwin.io/html/viaje/assets/img/blog-details/14.png]
[zwin.io/html/viaje/assets/img/blog-details/15.png]
[zwin.io/html/viaje/blog.html]
[zwin.io/html/viaje/blog02.html]
[zwin.io/html/viaje/blog03.html]
[zwin.io/html/viaje/assets/img/blog-details/1.png]
[zwin.io/html/viaje/assets/img/blog-details/2.png]
[zwin.io/html/viaje/assets/img/blog-details/3.png]
[zwin.io/html/viaje/assets/img/blog-details/4.png]
[zwin.io/html/viaje/assets/img/blog-details/5.png]
[zwin.io/html/viaje/assets/img/blog-details/6.png]
[zwin.io/html/viaje/assets/img/blog-details/7.png]
[zwin.io/html/viaje/assets/img/blog-details/8.png]
[zwin.io/html/viaje/blog-details.html]
[zwin.io/html/viaje/blog-details02.html]
[zwin.io/html/viaje/assets/img/others/11.png]
[zwin.io/html/viaje/contact.html]
[zwin.io/html/viaje/assets/css/owl.video.play.html]
[zwin.io/html/viaje/assets/css/images/ui-icons_444444_256x240.html]
[zwin.io/html/viaje/assets/css/images/ui-icons_555555_256x240.html]
[zwin.io/html/viaje/assets/css/images/ui-icons_ffffff_256x240.html]
[zwin.io/html/viaje/assets/css/images/ui-icons_777620_256x240.html]
[zwin.io/html/viaje/assets/css/images/ui-icons_cc0000_256x240.html]
[zwin.io/html/viaje/assets/css/images/ui-icons_777777_256x240.html]
[zwin.io/html/viaje/assets/fonts/fontawesome-webfont3e6e.html]
[zwin.io/html/viaje/assets/fonts/fontawesome-webfont3e6e.svg]
[zwin.io/html/viaje/assets/fonts/themify9f24.svg]
[zwin.io/html/viaje/assets/fonts/line-awesomeeb4f.html]
[zwin.io/html/viaje/assets/fonts/line-awesomeeb4f.svg]
[zwin.io/html/viaje/assets/img/bg/5.png]
[zwin.io/html/viaje/assets/img/bg/1.png]
[zwin.io/html/viaje/assets/img/banner/4.png]
[zwin.io/html/viaje/assets/img/bg/10.png]
[zwin.io/html/viaje/assets/img/banner/8.png]
[zwin.io/html/viaje/assets/img/banner/9.png]
[zwin.io/html/viaje/assets/img/banner/10.png]
[zwin.io/html/viaje/assets/img/banner/5.png]
[zwin.io/html/viaje/assets/img/destination-list/21.png]
[zwin.io/html/viaje/assets/img/others/4.png]
